// Jest Snapshot v1, https://goo.gl/fbAQLP

exports[`Header renders a header component with homepage_inverse_view layout 1`] = `
<div>
  <header
    aria-label="Site"
    class="eea header"
  >
    <div
      class="top bar"
    >
      <div
        class="ui container"
      >
        <div
          class="item header-top-item official-union"
        >
          <img
            alt="European Union flag"
            class="ui image"
            src="eea.png"
          />
          <div
            aria-expanded="false"
            aria-label="An official website of the European Union | How do you know?"
            class="ui dropdown"
            role="listbox"
            tabindex="0"
          >
            <div
              class="divider text mobile-sr-only"
            >
              An official website of the European Union | How do you know?
            </div>
            <i
              aria-hidden="true"
              class="chevron down icon"
            />
            <div
              class="menu transition"
              role="option"
            >
              <div
                class="content"
                role="presentation"
                tabindex="0"
              >
                <p>
                  All official European Union website addresses are in the
                   
                  <b>
                    europa.eu
                  </b>
                   domain.
                </p>
                <a
                  href="https://europa.eu/european-union/contact/institutions-bodies_en"
                  rel="noopener"
                  target="_blank"
                >
                  See all EU institutions and bodies
                </a>
              </div>
            </div>
          </div>
        </div>
      </div>
    </div>
    <div
      class="main bar transparency"
    >
      <div
        class="ui container main-bar-container"
      >
        <div
          class="ui grid"
        >
          <div
            class="four wide computer eight wide mobile eight wide tablet column"
          >
            <div>
              <a
                class="logo"
                href="/"
                title="Site"
              >
                <img
                  alt="European Environment Agency"
                  class="ui image eea-logo"
                  src="eea-logo.svg"
                />
              </a>
            </div>
          </div>
          <div
            class="eight wide computer four wide mobile four wide tablet column"
          >
            <div
              class="main-menu inverted"
            >
              <nav
                aria-label="Main"
              >
                <ul
                  class="ui text eea-main-menu tablet or lower hidden menu"
                  id="navigation"
                >
                  <li
                    aria-expanded="false"
                    class="item"
                  >
                    <a
                      href="/"
                      title="Test english article"
                    >
                      Test english article
                    </a>
                  </li>
                </ul>
              </nav>
              <button
                aria-expanded="false"
                class="search-action"
              >
                <img
                  alt="Global search"
                  class="ui image header-search-icon"
                  height="45"
                  src="search-line.svg"
                  width="45"
                />
              </button>
              <button
                aria-expanded="false"
                class="burger-action mobile "
              >
                <img
                  alt="Menu navigation"
                  class="ui image"
                  src="menu-line.svg"
                />
              </button>
            </div>
          </div>
        </div>
      </div>
    </div>
    <div
      class="eea-side-menu-host"
      id="eea-side-menu-host"
    />
  </header>
</div>
`;
