// Jest Snapshot v1, https://goo.gl/fbAQLP

exports[`Comments renders a comments component 1`] = `
<div
  className="ui container comments"
>
  <div
    id="comment-add-id"
  >
    <form
      onSubmit={[Function]}
    >
      <button
        aria-label="Comment"
        type="submit"
      >
        Comment
      </button>
    </form>
  </div>
  <div
    className="ui comments"
  >
    <div
      className="comment"
    >
      <div
        className="avatar"
      >
        admin
      </div>
      <div
        className="content"
      >
        <span
          className="author"
        >
          admin
        </span>
        <div
          className="metadata"
        >
          <span>
             
            <span
              title="2017-11-06T19:36:01"
            >
              8 years ago
            </span>
          </span>
        </div>
        <div
          className="text"
        >
           
          Some comment
        </div>
        <div
          className="actions"
        >
          <button
            aria-label="Reply"
            className=""
            onClick={[Function]}
            type="button"
          >
            Reply
          </button>
          <button
            aria-label="Edit"
            className=""
            onClick={[Function]}
            type="button"
            value={
              Object {
                "id": "someurl",
                "text": "Some comment",
              }
            }
          >
            Edit
          </button>
          <button
            aria-label="Delete"
            className=""
            color="red"
            onClick={[Function]}
            type="button"
          >
            <i
              aria-hidden="true"
              className="red delete icon"
              onClick={[Function]}
            />
            Delete
          </button>
          <button
            className=""
            onClick={[Function]}
            type="button"
          />
        </div>
        <div
          id="reply-place-1614094601171408"
        />
      </div>
    </div>
    <div
      className="comment"
    >
      <div
        className="avatar"
      >
        Anonymous
      </div>
      <div
        className="content"
      >
        <span
          className="author"
        />
        <div
          className="metadata"
        >
          <span>
             
            <span
              title="2017-11-06T19:36:01"
            >
              8 years ago
            </span>
          </span>
        </div>
        <div
          className="text"
        >
           
          <div
            dangerouslySetInnerHTML={
              Object {
                "__html": "Some comment",
              }
            }
          />
        </div>
        <div
          className="actions"
        >
          <button
            aria-label="Reply"
            className=""
            onClick={[Function]}
            type="button"
          >
            Reply
          </button>
          <button
            aria-label="Edit"
            className=""
            onClick={[Function]}
            type="button"
            value={
              Object {
                "id": "someurl",
                "text": "Some comment",
              }
            }
          >
            Edit
          </button>
          <button
            aria-label="Delete"
            className=""
            color="red"
            onClick={[Function]}
            type="button"
          >
            <i
              aria-hidden="true"
              className="red delete icon"
              onClick={[Function]}
            />
            Delete
          </button>
          <button
            className=""
            onClick={[Function]}
            type="button"
          />
        </div>
        <div
          id="reply-place-1614094601171409"
        />
      </div>
    </div>
  </div>
</div>
`;

